asfga asdabasdjabsf * *_ has3l asd has3l test1 test1 test1 abcde